RcChannel.cpp:8:1:RcChannel::RcChannel(TIM_HandleTypeDef*, uint8_t, uint16_t, uint16_t)	24	static
RcChannel.cpp:23:1:RcChannel::~RcChannel()	16	static
RcChannel.cpp:27:10:uint32_t RcChannel::getPulseWidth()	16	static
RcChannel.cpp:31:10:uint32_t RcChannel::getChannelMaxWidth()	16	static
RcChannel.cpp:35:10:uint32_t RcChannel::getChannelMinWidth()	16	static
RcChannel.cpp:39:10:uint32_t RcChannel::getChannelMidWidth()	16	static
RcChannel.cpp:43:6:void RcChannel::pulseWidthCalc()	16	static
RcChannel.cpp:67:10:uint32_t RcChannel::getPulseWidthDif()	16	static
RcChannel.cpp:71:9:uint8_t RcChannel::matchMinValue()	16	static
RcChannel.cpp:81:9:uint8_t RcChannel::matchMaxValue()	16	static
RcChannel.cpp:95:6:void IcHandlerTim2(TIM_HandleTypeDef*)	16	static
RcChannel.cpp:118:6:void IcHandlerTim5(TIM_HandleTypeDef*)	16	static
RcChannel.cpp:139:1:void __static_initialization_and_destruction_0(int, int)	24	static
RcChannel.cpp:139:1:cpp)	8	static
RcChannel.cpp:139:1:cpp)	8	static
