Archive member included to satisfy reference by file (symbol)

c:/st/stm32cubeide_1.3.0/stm32cubeide/plugins/com.st.stm32cube.ide.mcu.externaltools.gnu-tools-for-stm32.7-2018-q2-update.win32_1.0.0.201904181610/tools/bin/../lib/gcc/arm-none-eabi/7.3.1/../../../../arm-none-eabi/lib/thumb/v7e-m/fpv4-sp/hard\libc_nano.a(lib_a-errno.o)
                              Core/Src/syscalls.o (__errno)
c:/st/stm32cubeide_1.3.0/stm32cubeide/plugins/com.st.stm32cube.ide.mcu.externaltools.gnu-tools-for-stm32.7-2018-q2-update.win32_1.0.0.201904181610/tools/bin/../lib/gcc/arm-none-eabi/7.3.1/../../../../arm-none-eabi/lib/thumb/v7e-m/fpv4-sp/hard\libc_nano.a(lib_a-exit.o)
                              c:/st/stm32cubeide_1.3.0/stm32cubeide/plugins/com.st.stm32cube.ide.mcu.externaltools.gnu-tools-for-stm32.7-2018-q2-update.win32_1.0.0.201904181610/tools/bin/../lib/gcc/arm-none-eabi/7.3.1/../../../../arm-none-eabi/lib/thumb/v7e-m/fpv4-sp/hard/crt0.o (exit)
c:/st/stm32cubeide_1.3.0/stm32cubeide/plugins/com.st.stm32cube.ide.mcu.externaltools.gnu-tools-for-stm32.7-2018-q2-update.win32_1.0.0.201904181610/tools/bin/../lib/gcc/arm-none-eabi/7.3.1/../../../../arm-none-eabi/lib/thumb/v7e-m/fpv4-sp/hard\libc_nano.a(lib_a-impure.o)
                              c:/st/stm32cubeide_1.3.0/stm32cubeide/plugins/com.st.stm32cube.ide.mcu.externaltools.gnu-tools-for-stm32.7-2018-q2-update.win32_1.0.0.201904181610/tools/bin/../lib/gcc/arm-none-eabi/7.3.1/../../../../arm-none-eabi/lib/thumb/v7e-m/fpv4-sp/hard\libc_nano.a(lib_a-exit.o) (_global_impure_ptr)
c:/st/stm32cubeide_1.3.0/stm32cubeide/plugins/com.st.stm32cube.ide.mcu.externaltools.gnu-tools-for-stm32.7-2018-q2-update.win32_1.0.0.201904181610/tools/bin/../lib/gcc/arm-none-eabi/7.3.1/../../../../arm-none-eabi/lib/thumb/v7e-m/fpv4-sp/hard\libc_nano.a(lib_a-init.o)
                              c:/st/stm32cubeide_1.3.0/stm32cubeide/plugins/com.st.stm32cube.ide.mcu.externaltools.gnu-tools-for-stm32.7-2018-q2-update.win32_1.0.0.201904181610/tools/bin/../lib/gcc/arm-none-eabi/7.3.1/../../../../arm-none-eabi/lib/thumb/v7e-m/fpv4-sp/hard/crt0.o (__libc_init_array)
c:/st/stm32cubeide_1.3.0/stm32cubeide/plugins/com.st.stm32cube.ide.mcu.externaltools.gnu-tools-for-stm32.7-2018-q2-update.win32_1.0.0.201904181610/tools/bin/../lib/gcc/arm-none-eabi/7.3.1/../../../../arm-none-eabi/lib/thumb/v7e-m/fpv4-sp/hard\libc_nano.a(lib_a-memset.o)
                              c:/st/stm32cubeide_1.3.0/stm32cubeide/plugins/com.st.stm32cube.ide.mcu.externaltools.gnu-tools-for-stm32.7-2018-q2-update.win32_1.0.0.201904181610/tools/bin/../lib/gcc/arm-none-eabi/7.3.1/../../../../arm-none-eabi/lib/thumb/v7e-m/fpv4-sp/hard/crt0.o (memset)
c:/st/stm32cubeide_1.3.0/stm32cubeide/plugins/com.st.stm32cube.ide.mcu.externaltools.gnu-tools-for-stm32.7-2018-q2-update.win32_1.0.0.201904181610/tools/bin/../lib/gcc/arm-none-eabi/7.3.1/thumb/v7e-m/fpv4-sp/hard\libgcc.a(_arm_addsubdf3.o)
                              Core/Inc/Servo/Servo.o (__aeabi_dadd)
c:/st/stm32cubeide_1.3.0/stm32cubeide/plugins/com.st.stm32cube.ide.mcu.externaltools.gnu-tools-for-stm32.7-2018-q2-update.win32_1.0.0.201904181610/tools/bin/../lib/gcc/arm-none-eabi/7.3.1/thumb/v7e-m/fpv4-sp/hard\libgcc.a(_arm_muldivdf3.o)
                              Core/Inc/Servo/Servo.o (__aeabi_dmul)
c:/st/stm32cubeide_1.3.0/stm32cubeide/plugins/com.st.stm32cube.ide.mcu.externaltools.gnu-tools-for-stm32.7-2018-q2-update.win32_1.0.0.201904181610/tools/bin/../lib/gcc/arm-none-eabi/7.3.1/thumb/v7e-m/fpv4-sp/hard\libgcc.a(_arm_fixunsdfsi.o)
                              Core/Inc/Servo/Servo.o (__aeabi_d2uiz)
c:/st/stm32cubeide_1.3.0/stm32cubeide/plugins/com.st.stm32cube.ide.mcu.externaltools.gnu-tools-for-stm32.7-2018-q2-update.win32_1.0.0.201904181610/tools/bin/../lib/gcc/arm-none-eabi/7.3.1/thumb/v7e-m/fpv4-sp/hard\libgcc.a(_aeabi_uldivmod.o)
                              Drivers/STM32F4xx_HAL_Driver/Src/stm32f4xx_hal_rcc.o (__aeabi_uldivmod)
c:/st/stm32cubeide_1.3.0/stm32cubeide/plugins/com.st.stm32cube.ide.mcu.externaltools.gnu-tools-for-stm32.7-2018-q2-update.win32_1.0.0.201904181610/tools/bin/../lib/gcc/arm-none-eabi/7.3.1/thumb/v7e-m/fpv4-sp/hard\libgcc.a(_udivmoddi4.o)
                              c:/st/stm32cubeide_1.3.0/stm32cubeide/plugins/com.st.stm32cube.ide.mcu.externaltools.gnu-tools-for-stm32.7-2018-q2-update.win32_1.0.0.201904181610/tools/bin/../lib/gcc/arm-none-eabi/7.3.1/thumb/v7e-m/fpv4-sp/hard\libgcc.a(_aeabi_uldivmod.o) (__udivmoddi4)
c:/st/stm32cubeide_1.3.0/stm32cubeide/plugins/com.st.stm32cube.ide.mcu.externaltools.gnu-tools-for-stm32.7-2018-q2-update.win32_1.0.0.201904181610/tools/bin/../lib/gcc/arm-none-eabi/7.3.1/thumb/v7e-m/fpv4-sp/hard\libgcc.a(_dvmd_tls.o)
                              c:/st/stm32cubeide_1.3.0/stm32cubeide/plugins/com.st.stm32cube.ide.mcu.externaltools.gnu-tools-for-stm32.7-2018-q2-update.win32_1.0.0.201904181610/tools/bin/../lib/gcc/arm-none-eabi/7.3.1/thumb/v7e-m/fpv4-sp/hard\libgcc.a(_aeabi_uldivmod.o) (__aeabi_ldiv0)

[...]
Memory Configuration

Name             Origin             Length             Attributes
CCMRAM           0x0000000010000000 0x0000000000010000 xrw
RAM              0x0000000020000000 0x0000000000020000 xrw
FLASH            0x0000000008000000 0x0000000000100000 xr
*default*        0x0000000000000000 0xffffffffffffffff

Linker script and memory map

LOAD c:/st/stm32cubeide_1.3.0/stm32cubeide/plugins/com.st.stm32cube.ide.mcu.externaltools.gnu-tools-for-stm32.7-2018-q2-update.win32_1.0.0.201904181610/tools/bin/../lib/gcc/arm-none-eabi/7.3.1/thumb/v7e-m/fpv4-sp/hard/crti.o
LOAD c:/st/stm32cubeide_1.3.0/stm32cubeide/plugins/com.st.stm32cube.ide.mcu.externaltools.gnu-tools-for-stm32.7-2018-q2-update.win32_1.0.0.201904181610/tools/bin/../lib/gcc/arm-none-eabi/7.3.1/thumb/v7e-m/fpv4-sp/hard/crtbegin.o
LOAD c:/st/stm32cubeide_1.3.0/stm32cubeide/plugins/com.st.stm32cube.ide.mcu.externaltools.gnu-tools-for-stm32.7-2018-q2-update.win32_1.0.0.201904181610/tools/bin/../lib/gcc/arm-none-eabi/7.3.1/../../../../arm-none-eabi/lib/thumb/v7e-m/fpv4-sp/hard/crt0.o
LOAD Core/Inc/Beeper/Beeper.o
LOAD Core/Inc/RcChannel/RcChannel.o
LOAD Core/Inc/Servo/Servo.o
LOAD Core/Src/main.o
LOAD Core/Src/stm32f4xx_hal_msp.o
LOAD Core/Src/stm32f4xx_it.o
LOAD Core/Src/syscalls.o
LOAD Core/Src/sysmem.o
LOAD Core/Src/system_stm32f4xx.o
LOAD Core/Startup/startup_stm32f407vgtx.o
LOAD Drivers/STM32F4xx_HAL_Driver/Src/stm32f4xx_hal.o
LOAD Drivers/STM32F4xx_HAL_Driver/Src/stm32f4xx_hal_cortex.o
LOAD Drivers/STM32F4xx_HAL_Driver/Src/stm32f4xx_hal_dma.o
LOAD Drivers/STM32F4xx_HAL_Driver/Src/stm32f4xx_hal_dma_ex.o
LOAD Drivers/STM32F4xx_HAL_Driver/Src/stm32f4xx_hal_exti.o
LOAD Drivers/STM32F4xx_HAL_Driver/Src/stm32f4xx_hal_flash.o
LOAD Drivers/STM32F4xx_HAL_Driver/Src/stm32f4xx_hal_flash_ex.o
LOAD Drivers/STM32F4xx_HAL_Driver/Src/stm32f4xx_hal_flash_ramfunc.o
LOAD Drivers/STM32F4xx_HAL_Driver/Src/stm32f4xx_hal_gpio.o
LOAD Drivers/STM32F4xx_HAL_Driver/Src/stm32f4xx_hal_pwr.o
LOAD Drivers/STM32F4xx_HAL_Driver/Src/stm32f4xx_hal_pwr_ex.o
LOAD Drivers/STM32F4xx_HAL_Driver/Src/stm32f4xx_hal_rcc.o
LOAD Drivers/STM32F4xx_HAL_Driver/Src/stm32f4xx_hal_rcc_ex.o
LOAD Drivers/STM32F4xx_HAL_Driver/Src/stm32f4xx_hal_tim.o
LOAD Drivers/STM32F4xx_HAL_Driver/Src/stm32f4xx_hal_tim_ex.o
LOAD Drivers/STM32F4xx_HAL_Driver/Src/stm32f4xx_hal_uart.o
START GROUP
LOAD c:/st/stm32cubeide_1.3.0/stm32cubeide/plugins/com.st.stm32cube.ide.mcu.externaltools.gnu-tools-for-stm32.7-2018-q2-update.win32_1.0.0.201904181610/tools/bin/../lib/gcc/arm-none-eabi/7.3.1/../../../../arm-none-eabi/lib/thumb/v7e-m/fpv4-sp/hard\libstdc++_nano.a
LOAD c:/st/stm32cubeide_1.3.0/stm32cubeide/plugins/com.st.stm32cube.ide.mcu.externaltools.gnu-tools-for-stm32.7-2018-q2-update.win32_1.0.0.201904181610/tools/bin/../lib/gcc/arm-none-eabi/7.3.1/../../../../arm-none-eabi/lib/thumb/v7e-m/fpv4-sp/hard\libsupc++_nano.a
END GROUP
LOAD c:/st/stm32cubeide_1.3.0/stm32cubeide/plugins/com.st.stm32cube.ide.mcu.externaltools.gnu-tools-for-stm32.7-2018-q2-update.win32_1.0.0.201904181610/tools/bin/../lib/gcc/arm-none-eabi/7.3.1/../../../../arm-none-eabi/lib/thumb/v7e-m/fpv4-sp/hard\libstdc++_nano.a
LOAD c:/st/stm32cubeide_1.3.0/stm32cubeide/plugins/com.st.stm32cube.ide.mcu.externaltools.gnu-tools-for-stm32.7-2018-q2-update.win32_1.0.0.201904181610/tools/bin/../lib/gcc/arm-none-eabi/7.3.1/../../../../arm-none-eabi/lib/thumb/v7e-m/fpv4-sp/hard\libm.a
LOAD c:/st/stm32cubeide_1.3.0/stm32cubeide/plugins/com.st.stm32cube.ide.mcu.externaltools.gnu-tools-for-stm32.7-2018-q2-update.win32_1.0.0.201904181610/tools/bin/../lib/gcc/arm-none-eabi/7.3.1/../../../../arm-none-eabi/lib/thumb/v7e-m/fpv4-sp/hard\libc_nano.a
START GROUP
LOAD c:/st/stm32cubeide_1.3.0/stm32cubeide/plugins/com.st.stm32cube.ide.mcu.externaltools.gnu-tools-for-stm32.7-2018-q2-update.win32_1.0.0.201904181610/tools/bin/../lib/gcc/arm-none-eabi/7.3.1/thumb/v7e-m/fpv4-sp/hard\libgcc.a
LOAD c:/st/stm32cubeide_1.3.0/stm32cubeide/plugins/com.st.stm32cube.ide.mcu.externaltools.gnu-tools-for-stm32.7-2018-q2-update.win32_1.0.0.201904181610/tools/bin/../lib/gcc/arm-none-eabi/7.3.1/../../../../arm-none-eabi/lib/thumb/v7e-m/fpv4-sp/hard\libc_nano.a
END GROUP
START GROUP
LOAD c:/st/stm32cubeide_1.3.0/stm32cubeide/plugins/com.st.stm32cube.ide.mcu.externaltools.gnu-tools-for-stm32.7-2018-q2-update.win32_1.0.0.201904181610/tools/bin/../lib/gcc/arm-none-eabi/7.3.1/thumb/v7e-m/fpv4-sp/hard\libgcc.a
LOAD c:/st/stm32cubeide_1.3.0/stm32cubeide/plugins/com.st.stm32cube.ide.mcu.externaltools.gnu-tools-for-stm32.7-2018-q2-update.win32_1.0.0.201904181610/tools/bin/../lib/gcc/arm-none-eabi/7.3.1/../../../../arm-none-eabi/lib/thumb/v7e-m/fpv4-sp/hard\libc_nano.a
LOAD c:/st/stm32cubeide_1.3.0/stm32cubeide/plugins/com.st.stm32cube.ide.mcu.externaltools.gnu-tools-for-stm32.7-2018-q2-update.win32_1.0.0.201904181610/tools/bin/../lib/gcc/arm-none-eabi/7.3.1/../../../../arm-none-eabi/lib/thumb/v7e-m/fpv4-sp/hard\libnosys.a
END GROUP
START GROUP
LOAD c:/st/stm32cubeide_1.3.0/stm32cubeide/plugins/com.st.stm32cube.ide.mcu.externaltools.gnu-tools-for-stm32.7-2018-q2-update.win32_1.0.0.201904181610/tools/bin/../lib/gcc/arm-none-eabi/7.3.1/thumb/v7e-m/fpv4-sp/hard\libgcc.a
LOAD c:/st/stm32cubeide_1.3.0/stm32cubeide/plugins/com.st.stm32cube.ide.mcu.externaltools.gnu-tools-for-stm32.7-2018-q2-update.win32_1.0.0.201904181610/tools/bin/../lib/gcc/arm-none-eabi/7.3.1/../../../../arm-none-eabi/lib/thumb/v7e-m/fpv4-sp/hard\libc_nano.a
LOAD c:/st/stm32cubeide_1.3.0/stm32cubeide/plugins/com.st.stm32cube.ide.mcu.externaltools.gnu-tools-for-stm32.7-2018-q2-update.win32_1.0.0.201904181610/tools/bin/../lib/gcc/arm-none-eabi/7.3.1/../../../../arm-none-eabi/lib/thumb/v7e-m/fpv4-sp/hard\libnosys.a
END GROUP
LOAD c:/st/stm32cubeide_1.3.0/stm32cubeide/plugins/com.st.stm32cube.ide.mcu.externaltools.gnu-tools-for-stm32.7-2018-q2-update.win32_1.0.0.201904181610/tools/bin/../lib/gcc/arm-none-eabi/7.3.1/thumb/v7e-m/fpv4-sp/hard/crtend.o
LOAD c:/st/stm32cubeide_1.3.0/stm32cubeide/plugins/com.st.stm32cube.ide.mcu.externaltools.gnu-tools-for-stm32.7-2018-q2-update.win32_1.0.0.201904181610/tools/bin/../lib/gcc/arm-none-eabi/7.3.1/thumb/v7e-m/fpv4-sp/hard/crtn.o
                0x0000000020020000                _estack = (ORIGIN (RAM) + LENGTH (RAM))
                0x0000000000000200                _Min_Heap_Size = 0x200
                0x0000000000000400                _Min_Stack_Size = 0x400

.isr_vector     0x0000000008000000      0x188
                0x0000000008000000                . = ALIGN (0x4)
 *(.isr_vector)
 .isr_vector    0x0000000008000000      0x188 Core/Startup/startup_stm32f407vgtx.o
                0x0000000008000000                g_pfnVectors
                0x0000000008000188                . = ALIGN (0x4)

.text           0x0000000008000188     0x4910
                0x0000000008000188                . = ALIGN (0x4)
 *(.text)
 .text          0x0000000008000188       0x40 c:/st/stm32cubeide_1.3.0/stm32cubeide/plugins/com.st.stm32cube.ide.mcu.externaltools.gnu-tools-for-stm32.7-2018-q2-update.win32_1.0.0.201904181610/tools/bin/../lib/gcc/arm-none-eabi/7.3.1/thumb/v7e-m/fpv4-sp/hard/crtbegin.o
 .text          0x00000000080001c8       0x30 c:/st/stm32cubeide_1.3.0/stm32cubeide/plugins/com.st.stm32cube.ide.mcu.externaltools.gnu-tools-for-stm32.7-2018-q2-update.win32_1.0.0.201904181610/tools/bin/../lib/gcc/arm-none-eabi/7.3.1/thumb/v7e-m/fpv4-sp/hard\libgcc.a(_aeabi_uldivmod.o)
                0x00000000080001c8                __aeabi_uldivmod
 .text          0x00000000080001f8      0x2cc c:/st/stm32cubeide_1.3.0/stm32cubeide/plugins/com.st.stm32cube.ide.mcu.externaltools.gnu-tools-for-stm32.7-2018-q2-update.win32_1.0.0.201904181610/tools/bin/../lib/gcc/arm-none-eabi/7.3.1/thumb/v7e-m/fpv4-sp/hard\libgcc.a(_udivmoddi4.o)
                0x00000000080001f8                __udivmoddi4
 .text          0x00000000080004c4        0x4 c:/st/stm32cubeide_1.3.0/stm32cubeide/plugins/com.st.stm32cube.ide.mcu.externaltools.gnu-tools-for-stm32.7-2018-q2-update.win32_1.0.0.201904181610/tools/bin/../lib/gcc/arm-none-eabi/7.3.1/thumb/v7e-m/fpv4-sp/hard\libgcc.a(_dvmd_tls.o)
                0x00000000080004c4                __aeabi_idiv0
                0x00000000080004c4                __aeabi_ldiv0
 *(.text*)
 .text._ZN6BeeperC2EP12GPIO_TypeDefm
                0x00000000080004c8       0x40 Core/Inc/Beeper/Beeper.o
                0x00000000080004c8                Beeper::Beeper(GPIO_TypeDef*, unsigned long)
                0x00000000080004c8                Beeper::Beeper(GPIO_TypeDef*, unsigned long)
 .text._ZN6Beeper9shortBeepEv
                0x0000000008000508       0x3e Core/Inc/Beeper/Beeper.o
                0x0000000008000508                Beeper::shortBeep()
 .text._ZN6Beeper8longBeepEv
                0x0000000008000546       0x3e Core/Inc/Beeper/Beeper.o
                0x0000000008000546                Beeper::longBeep()
 .text._ZN6Beeper10seriesBeepEv
                0x0000000008000584       0x36 Core/Inc/Beeper/Beeper.o
                0x0000000008000584                Beeper::seriesBeep()
 *fill*         0x00000000080005ba        0x2 
 .text._ZN9RcChannelC2EP19__TIM_HandleTypeDefhtt
                0x00000000080005bc       0xc0 Core/Inc/RcChannel/RcChannel.o
                0x00000000080005bc                RcChannel::RcChannel(__TIM_HandleTypeDef*, unsigned char, unsigned short, unsigned short)
                0x00000000080005bc                RcChannel::RcChannel(__TIM_HandleTypeDef*, unsigned char, unsigned short, unsigned short)
 .text._ZN9RcChannelD2Ev
                0x000000000800067c       0x16 Core/Inc/RcChannel/RcChannel.o
                0x000000000800067c                RcChannel::~RcChannel()
                0x000000000800067c                RcChannel::~RcChannel()
 .text._ZN9RcChannel13getPulseWidthEv
                0x0000000008000692       0x18 Core/Inc/RcChannel/RcChannel.o
                0x0000000008000692                RcChannel::getPulseWidth()
 .text._ZN9RcChannel18getChannelMinWidthEv
                0x00000000080006aa       0x18 Core/Inc/RcChannel/RcChannel.o
                0x00000000080006aa                RcChannel::getChannelMinWidth()
 .text._ZN9RcChannel18getChannelMidWidthEv
                0x00000000080006c2       0x18 Core/Inc/RcChannel/RcChannel.o
                0x00000000080006c2                RcChannel::getChannelMidWidth()
 .text._ZN9RcChannel14pulseWidthCalcEv
                0x00000000080006da      0x21e Core/Inc/RcChannel/RcChannel.o
                0x00000000080006da                RcChannel::pulseWidthCalc()
 .text._ZN9RcChannel16getPulseWidthDifEv
                0x00000000080008f8       0x2e Core/Inc/RcChannel/RcChannel.o
                0x00000000080008f8                RcChannel::getPulseWidthDif()
 .text._ZN9RcChannel13matchMinValueEv
                0x0000000008000926       0x44 Core/Inc/RcChannel/RcChannel.o
                0x0000000008000926                RcChannel::matchMinValue()
 .text._ZN9RcChannel13matchMaxValueEv
                0x000000000800096a       0x44 Core/Inc/RcChannel/RcChannel.o
                0x000000000800096a                RcChannel::matchMaxValue()
 *fill*         0x00000000080009ae        0x2 
 .text._Z13IcHandlerTim2P19__TIM_HandleTypeDef
                0x00000000080009b0       0x70 Core/Inc/RcChannel/RcChannel.o
                0x00000000080009b0                IcHandlerTim2(__TIM_HandleTypeDef*)
 .text._Z13IcHandlerTim5P19__TIM_HandleTypeDef
                0x0000000008000a20       0x50 Core/Inc/RcChannel/RcChannel.o
                0x0000000008000a20                IcHandlerTim5(__TIM_HandleTypeDef*)
 .text._Z41__static_initialization_and_destruction_0ii
                0x0000000008000a70       0xd0 Core/Inc/RcChannel/RcChannel.o
 .text._GLOBAL__sub_I__ZN9RcChannelC2EP19__TIM_HandleTypeDefhtt
                0x0000000008000b40       0x10 Core/Inc/RcChannel/RcChannel.o
 .text._GLOBAL__sub_D__ZN9RcChannelC2EP19__TIM_HandleTypeDefhtt
                0x0000000008000b50       0x10 Core/Inc/RcChannel/RcChannel.o
 .text._ZN5ServoC2EP11TIM_TypeDefh
                0x0000000008000b60       0x3a Core/Inc/Servo/Servo.o
                0x0000000008000b60                Servo::Servo(TIM_TypeDef*, unsigned char)
                0x0000000008000b60                Servo::Servo(TIM_TypeDef*, unsigned char)
 *fill*         0x0000000008000b9a        0x2 
 .text._ZN5Servo23setPositionMicroSecondsEm
                0x0000000008000b9c       0x60 Core/Inc/Servo/Servo.o
                0x0000000008000b9c                Servo::setPositionMicroSeconds(unsigned long)
 .text._Z5ArmedP6Beeper
                0x0000000008000bfc       0xb4 Core/Src/main.o
                0x0000000008000bfc                Armed(Beeper*)
 .text._Z9ERSarmingP6Beeper
                0x0000000008000cb0       0xb4 Core/Src/main.o
                0x0000000008000cb0                ERSarming(Beeper*)
 .text.main     0x0000000008000d64      0x37c Core/Src/main.o
                0x0000000008000d64                main
 .text._Z18SystemClock_Configv
                0x00000000080010e0       0xe8 Core/Src/main.o
                0x00000000080010e0                SystemClock_Config()
 .text._ZL12MX_TIM2_Initv
                0x00000000080011c8      0x170 Core/Src/main.o
 .text._ZL12MX_TIM3_Initv
                0x0000000008001338      0x180 Core/Src/main.o
 .text._ZL12MX_TIM5_Initv
                0x00000000080014b8      0x198 Core/Src/main.o
 .text._ZL19MX_USART2_UART_Initv
                0x0000000008001650       0x5c Core/Src/main.o
 .text._ZL12MX_GPIO_Initv
                0x00000000080016ac       0xa4 Core/Src/main.o
 .text.Error_Handler
                0x0000000008001750        0xe Core/Src/main.o
                0x0000000008001750                Error_Handler
 *fill*         0x000000000800175e        0x2 
 .text.HAL_MspInit
                0x0000000008001760       0x50 Core/Src/stm32f4xx_hal_msp.o
                0x0000000008001760                HAL_MspInit
 .text.HAL_TIM_Base_MspInit
                0x00000000080017b0      0x180 Core/Src/stm32f4xx_hal_msp.o
                0x00000000080017b0                HAL_TIM_Base_MspInit
 .text.HAL_TIM_MspPostInit
                0x0000000008001930      0x120 Core/Src/stm32f4xx_hal_msp.o
                0x0000000008001930                HAL_TIM_MspPostInit
 .text.HAL_UART_MspInit
                0x0000000008001a50       0x90 Core/Src/stm32f4xx_hal_msp.o
                0x0000000008001a50                HAL_UART_MspInit
 .text.NMI_Handler
                0x0000000008001ae0        0xe Core/Src/stm32f4xx_it.o
                0x0000000008001ae0                NMI_Handler
 .text.HardFault_Handler
                0x0000000008001aee        0x6 Core/Src/stm32f4xx_it.o
                0x0000000008001aee                HardFault_Handler
 .text.MemManage_Handler
                0x0000000008001af4        0x6 Core/Src/stm32f4xx_it.o
                0x0000000008001af4                MemManage_Handler
 .text.BusFault_Handler
                0x0000000008001afa        0x6 Core/Src/stm32f4xx_it.o
                0x0000000008001afa                BusFault_Handler
 .text.UsageFault_Handler
                0x0000000008001b00        0x6 Core/Src/stm32f4xx_it.o
                0x0000000008001b00                UsageFault_Handler
 .text.SVC_Handler
                0x0000000008001b06        0xe Core/Src/stm32f4xx_it.o
                0x0000000008001b06                SVC_Handler
 .text.DebugMon_Handler
                0x0000000008001b14        0xe Core/Src/stm32f4xx_it.o
                0x0000000008001b14                DebugMon_Handler
 .text.PendSV_Handler
                0x0000000008001b22        0xe Core/Src/stm32f4xx_it.o
                0x0000000008001b22                PendSV_Handler
 .text.SysTick_Handler
                0x0000000008001b30        0xc Core/Src/stm32f4xx_it.o
                0x0000000008001b30                SysTick_Handler
 .text.TIM2_IRQHandler
                0x0000000008001b3c       0x14 Core/Src/stm32f4xx_it.o
                0x0000000008001b3c                TIM2_IRQHandler
 .text.TIM5_IRQHandler
                0x0000000008001b50       0x14 Core/Src/stm32f4xx_it.o
                0x0000000008001b50                TIM5_IRQHandler
 .text.SystemInit
                0x0000000008001b64       0x2c Core/Src/system_stm32f4xx.o
                0x0000000008001b64                SystemInit
 .text.Reset_Handler
                0x0000000008001b90       0x50 Core/Startup/startup_stm32f407vgtx.o
                0x0000000008001b90                Reset_Handler
 .text.Default_Handler
                0x0000000008001be0        0x2 Core/Startup/startup_stm32f407vgtx.o
                0x0000000008001be0                RTC_Alarm_IRQHandler
                0x0000000008001be0                HASH_RNG_IRQHandler
                0x0000000008001be0                EXTI2_IRQHandler
                0x0000000008001be0                TIM8_CC_IRQHandler
                0x0000000008001be0                TIM1_CC_IRQHandler
                0x0000000008001be0                DMA2_Stream5_IRQHandler
                0x0000000008001be0                DMA1_Stream5_IRQHandler
                0x0000000008001be0                PVD_IRQHandler
                0x0000000008001be0                SDIO_IRQHandler
                0x0000000008001be0                TAMP_STAMP_IRQHandler
                0x0000000008001be0                CAN2_RX1_IRQHandler
                0x0000000008001be0                EXTI3_IRQHandler
                0x0000000008001be0                TIM8_TRG_COM_TIM14_IRQHandler
                0x0000000008001be0                TIM1_UP_TIM10_IRQHandler
                0x0000000008001be0                TIM8_UP_TIM13_IRQHandler
                0x0000000008001be0                I2C3_ER_IRQHandler
                0x0000000008001be0                EXTI0_IRQHandler
                0x0000000008001be0                I2C2_EV_IRQHandler
                0x0000000008001be0                DMA1_Stream2_IRQHandler
                0x0000000008001be0                CAN1_RX0_IRQHandler
                0x0000000008001be0                FPU_IRQHandler
                0x0000000008001be0                OTG_HS_WKUP_IRQHandler
                0x0000000008001be0                CAN2_SCE_IRQHandler
                0x0000000008001be0                DMA2_Stream2_IRQHandler
                0x0000000008001be0                SPI1_IRQHandler
                0x0000000008001be0                TIM6_DAC_IRQHandler
                0x0000000008001be0                TIM1_BRK_TIM9_IRQHandler
                0x0000000008001be0                DCMI_IRQHandler
                0x0000000008001be0                CAN2_RX0_IRQHandler
                0x0000000008001be0                DMA2_Stream3_IRQHandler
                0x0000000008001be0                USART6_IRQHandler
                0x0000000008001be0                USART3_IRQHandler
                0x0000000008001be0                CAN1_RX1_IRQHandler
                0x0000000008001be0                UART5_IRQHandler
                0x0000000008001be0                DMA2_Stream0_IRQHandler
                0x0000000008001be0                TIM4_IRQHandler
                0x0000000008001be0                I2C1_EV_IRQHandler
                0x0000000008001be0                DMA1_Stream6_IRQHandler
                0x0000000008001be0                DMA1_Stream1_IRQHandler
                0x0000000008001be0                UART4_IRQHandler
                0x0000000008001be0                TIM3_IRQHandler
                0x0000000008001be0                RCC_IRQHandler
                0x0000000008001be0                TIM8_BRK_TIM12_IRQHandler
                0x0000000008001be0                Default_Handler
                0x0000000008001be0                EXTI15_10_IRQHandler
                0x0000000008001be0                ADC_IRQHandler
                0x0000000008001be0                DMA1_Stream7_IRQHandler
                0x0000000008001be0                TIM7_IRQHandler
                0x0000000008001be0                CAN2_TX_IRQHandler
                0x0000000008001be0                DMA2_Stream7_IRQHandler
                0x0000000008001be0                I2C3_EV_IRQHandler
                0x0000000008001be0                EXTI9_5_IRQHandler
                0x0000000008001be0                RTC_WKUP_IRQHandler
                0x0000000008001be0                ETH_WKUP_IRQHandler
                0x0000000008001be0                SPI2_IRQHandler
                0x0000000008001be0                OTG_HS_EP1_IN_IRQHandler
                0x0000000008001be0                DMA1_Stream0_IRQHandler
                0x0000000008001be0                CAN1_TX_IRQHandler
                0x0000000008001be0                EXTI4_IRQHandler
                0x0000000008001be0                FSMC_IRQHandler
                0x0000000008001be0                ETH_IRQHandler
                0x0000000008001be0                OTG_HS_EP1_OUT_IRQHandler
                0x0000000008001be0                WWDG_IRQHandler
                0x0000000008001be0                OTG_FS_WKUP_IRQHandler
                0x0000000008001be0                TIM1_TRG_COM_TIM11_IRQHandler
                0x0000000008001be0                OTG_HS_IRQHandler
                0x0000000008001be0                EXTI1_IRQHandler
                0x0000000008001be0                USART2_IRQHandler
                0x0000000008001be0                I2C2_ER_IRQHandler
                0x0000000008001be0                DMA2_Stream1_IRQHandler
                0x0000000008001be0                CAN1_SCE_IRQHandler
                0x0000000008001be0                FLASH_IRQHandler
                0x0000000008001be0                DMA2_Stream4_IRQHandler
                0x0000000008001be0                USART1_IRQHandler
                0x0000000008001be0                OTG_FS_IRQHandler
                0x0000000008001be0                SPI3_IRQHandler
                0x0000000008001be0                DMA1_Stream4_IRQHandler
                0x0000000008001be0                I2C1_ER_IRQHandler
                0x0000000008001be0                DMA2_Stream6_IRQHandler
                0x0000000008001be0                DMA1_Stream3_IRQHandler
 *fill*         0x0000000008001be2        0x2 
 .text.HAL_Init
                0x0000000008001be4       0x44 Drivers/STM32F4xx_HAL_Driver/Src/stm32f4xx_hal.o
                0x0000000008001be4                HAL_Init
 .text.HAL_InitTick
                0x0000000008001c28       0x60 Drivers/STM32F4xx_HAL_Driver/Src/stm32f4xx_hal.o
                0x0000000008001c28                HAL_InitTick
 .text.HAL_IncTick
                0x0000000008001c88       0x28 Drivers/STM32F4xx_HAL_Driver/Src/stm32f4xx_hal.o
                0x0000000008001c88                HAL_IncTick
 .text.HAL_GetTick
                0x0000000008001cb0       0x18 Drivers/STM32F4xx_HAL_Driver/Src/stm32f4xx_hal.o
                0x0000000008001cb0                HAL_GetTick
 .text.HAL_Delay
                0x0000000008001cc8       0x44 Drivers/STM32F4xx_HAL_Driver/Src/stm32f4xx_hal.o
                0x0000000008001cc8                HAL_Delay
 .text.__NVIC_SetPriorityGrouping
                0x0000000008001d0c       0x48 Drivers/STM32F4xx_HAL_Driver/Src/stm32f4xx_hal_cortex.o
 .text.__NVIC_GetPriorityGrouping
                0x0000000008001d54       0x1c Drivers/STM32F4xx_HAL_Driver/Src/stm32f4xx_hal_cortex.o
 .text.__NVIC_EnableIRQ
                0x0000000008001d70       0x3c Drivers/STM32F4xx_HAL_Driver/Src/stm32f4xx_hal_cortex.o
 .text.__NVIC_SetPriority
                0x0000000008001dac       0x54 Drivers/STM32F4xx_HAL_Driver/Src/stm32f4xx_hal_cortex.o
 .text.NVIC_EncodePriority
                0x0000000008001e00       0x66 Drivers/STM32F4xx_HAL_Driver/Src/stm32f4xx_hal_cortex.o
 *fill*         0x0000000008001e66        0x2 
 .text.SysTick_Config
                0x0000000008001e68       0x44 Drivers/STM32F4xx_HAL_Driver/Src/stm32f4xx_hal_cortex.o
 .text.HAL_NVIC_SetPriorityGrouping
                0x0000000008001eac       0x16 Drivers/STM32F4xx_HAL_Driver/Src/stm32f4xx_hal_cortex.o
                0x0000000008001eac                HAL_NVIC_SetPriorityGrouping
 .text.HAL_NVIC_SetPriority
                0x0000000008001ec2       0x38 Drivers/STM32F4xx_HAL_Driver/Src/stm32f4xx_hal_cortex.o
                0x0000000008001ec2                HAL_NVIC_SetPriority
 .text.HAL_NVIC_EnableIRQ
                0x0000000008001efa       0x1c Drivers/STM32F4xx_HAL_Driver/Src/stm32f4xx_hal_cortex.o
                0x0000000008001efa                HAL_NVIC_EnableIRQ
 .text.HAL_SYSTICK_Config
                0x0000000008001f16       0x18 Drivers/STM32F4xx_HAL_Driver/Src/stm32f4xx_hal_cortex.o
                0x0000000008001f16                HAL_SYSTICK_Config
 *fill*         0x0000000008001f2e        0x2 
 .text.HAL_GPIO_Init
                0x0000000008001f30      0x334 Drivers/STM32F4xx_HAL_Driver/Src/stm32f4xx_hal_gpio.o
                0x0000000008001f30                HAL_GPIO_Init
 .text.HAL_GPIO_WritePin
                0x0000000008002264       0x32 Drivers/STM32F4xx_HAL_Driver/Src/stm32f4xx_hal_gpio.o
                0x0000000008002264                HAL_GPIO_WritePin
 *fill*         0x0000000008002296        0x2 
 .text.HAL_RCC_OscConfig
                0x0000000008002298      0x4e0 Drivers/STM32F4xx_HAL_Driver/Src/stm32f4xx_hal_rcc.o
                0x0000000008002298                HAL_RCC_OscConfig
 .text.HAL_RCC_ClockConfig
                0x0000000008002778      0x1cc Drivers/STM32F4xx_HAL_Driver/Src/stm32f4xx_hal_rcc.o
                0x0000000008002778                HAL_RCC_ClockConfig
 .text.HAL_RCC_GetSysClockFreq
                0x0000000008002944      0x164 Drivers/STM32F4xx_HAL_Driver/Src/stm32f4xx_hal_rcc.o
                0x0000000008002944                HAL_RCC_GetSysClockFreq
 .text.HAL_RCC_GetHCLKFreq
                0x0000000008002aa8       0x18 Drivers/STM32F4xx_HAL_Driver/Src/stm32f4xx_hal_rcc.o
                0x0000000008002aa8                HAL_RCC_GetHCLKFreq
 .text.HAL_RCC_GetPCLK1Freq
                0x0000000008002ac0       0x28 Drivers/STM32F4xx_HAL_Driver/Src/stm32f4xx_hal_rcc.o
                0x0000000008002ac0                HAL_RCC_GetPCLK1Freq
 .text.HAL_RCC_GetPCLK2Freq
                0x0000000008002ae8       0x28 Drivers/STM32F4xx_HAL_Driver/Src/stm32f4xx_hal_rcc.o
                0x0000000008002ae8                HAL_RCC_GetPCLK2Freq
 .text.HAL_TIM_Base_Init
                0x0000000008002b10       0x70 Drivers/STM32F4xx_HAL_Driver/Src/stm32f4xx_hal_tim.o
                0x0000000008002b10                HAL_TIM_Base_Init
 .text.HAL_TIM_PWM_Init
                0x0000000008002b80       0x70 Drivers/STM32F4xx_HAL_Driver/Src/stm32f4xx_hal_tim.o
                0x0000000008002b80                HAL_TIM_PWM_Init
 .text.HAL_TIM_PWM_MspInit
                0x0000000008002bf0       0x14 Drivers/STM32F4xx_HAL_Driver/Src/stm32f4xx_hal_tim.o
                0x0000000008002bf0                HAL_TIM_PWM_MspInit
 .text.HAL_TIM_PWM_Start
                0x0000000008002c04       0x7c Drivers/STM32F4xx_HAL_Driver/Src/stm32f4xx_hal_tim.o
                0x0000000008002c04                HAL_TIM_PWM_Start
 .text.HAL_TIM_IC_Init
                0x0000000008002c80       0x70 Drivers/STM32F4xx_HAL_Driver/Src/stm32f4xx_hal_tim.o
                0x0000000008002c80                HAL_TIM_IC_Init
 .text.HAL_TIM_IC_MspInit
                0x0000000008002cf0       0x14 Drivers/STM32F4xx_HAL_Driver/Src/stm32f4xx_hal_tim.o
                0x0000000008002cf0                HAL_TIM_IC_MspInit
 .text.HAL_TIM_IC_Start_IT
                0x0000000008002d04       0xd0 Drivers/STM32F4xx_HAL_Driver/Src/stm32f4xx_hal_tim.o
                0x0000000008002d04                HAL_TIM_IC_Start_IT
 .text.HAL_TIM_IRQHandler
                0x0000000008002dd4      0x24e Drivers/STM32F4xx_HAL_Driver/Src/stm32f4xx_hal_tim.o
                0x0000000008002dd4                HAL_TIM_IRQHandler
 .text.HAL_TIM_IC_ConfigChannel
                0x0000000008003022      0x138 Drivers/STM32F4xx_HAL_Driver/Src/stm32f4xx_hal_tim.o
                0x0000000008003022                HAL_TIM_IC_ConfigChannel
 *fill*         0x000000000800315a        0x2 
 .text.HAL_TIM_PWM_ConfigChannel
                0x000000000800315c      0x18c Drivers/STM32F4xx_HAL_Driver/Src/stm32f4xx_hal_tim.o
                0x000000000800315c                HAL_TIM_PWM_ConfigChannel
 .text.HAL_TIM_ConfigClockSource
                0x00000000080032e8      0x16e Drivers/STM32F4xx_HAL_Driver/Src/stm32f4xx_hal_tim.o
                0x00000000080032e8                HAL_TIM_ConfigClockSource
 *fill*         0x0000000008003456        0x2 
 .text.HAL_TIM_ReadCapturedValue
                0x0000000008003458       0x88 Drivers/STM32F4xx_HAL_Driver/Src/stm32f4xx_hal_tim.o
                0x0000000008003458                HAL_TIM_ReadCapturedValue
 .text.HAL_TIM_PeriodElapsedCallback
                0x00000000080034e0       0x14 Drivers/STM32F4xx_HAL_Driver/Src/stm32f4xx_hal_tim.o
                0x00000000080034e0                HAL_TIM_PeriodElapsedCallback
 .text.HAL_TIM_PeriodElapsedHalfCpltCallback
                0x00000000080034f4       0x14 Drivers/STM32F4xx_HAL_Driver/Src/stm32f4xx_hal_tim.o
                0x00000000080034f4                HAL_TIM_PeriodElapsedHalfCpltCallback
 .text.HAL_TIM_OC_DelayElapsedCallback
                0x0000000008003508       0x14 Drivers/STM32F4xx_HAL_Driver/Src/stm32f4xx_hal_tim.o
                0x0000000008003508                HAL_TIM_OC_DelayElapsedCallback
 .text.HAL_TIM_IC_CaptureCallback
                0x000000000800351c       0x14 Drivers/STM32F4xx_HAL_Driver/Src/stm32f4xx_hal_tim.o
                0x000000000800351c                HAL_TIM_IC_CaptureCallback
 .text.HAL_TIM_IC_CaptureHalfCpltCallback
                0x0000000008003530       0x14 Drivers/STM32F4xx_HAL_Driver/Src/stm32f4xx_hal_tim.o
                0x0000000008003530                HAL_TIM_IC_CaptureHalfCpltCallback
 .text.HAL_TIM_PWM_PulseFinishedCallback
                0x0000000008003544       0x14 Drivers/STM32F4xx_HAL_Driver/Src/stm32f4xx_hal_tim.o
                0x0000000008003544                HAL_TIM_PWM_PulseFinishedCallback
 .text.HAL_TIM_PWM_PulseFinishedHalfCpltCallback
                0x0000000008003558       0x14 Drivers/STM32F4xx_HAL_Driver/Src/stm32f4xx_hal_tim.o
                0x0000000008003558                HAL_TIM_PWM_PulseFinishedHalfCpltCallback
 .text.HAL_TIM_TriggerCallback
                0x000000000800356c       0x14 Drivers/STM32F4xx_HAL_Driver/Src/stm32f4xx_hal_tim.o
                0x000000000800356c                HAL_TIM_TriggerCallback
 .text.HAL_TIM_TriggerHalfCpltCallback
                0x0000000008003580       0x14 Drivers/STM32F4xx_HAL_Driver/Src/stm32f4xx_hal_tim.o
                0x0000000008003580                HAL_TIM_TriggerHalfCpltCallback
 .text.HAL_TIM_ErrorCallback
                0x0000000008003594       0x14 Drivers/STM32F4xx_HAL_Driver/Src/stm32f4xx_hal_tim.o
                0x0000000008003594                HAL_TIM_ErrorCallback
 .text.HAL_TIM_RegisterCallback
                0x00000000080035a8      0x298 Drivers/STM32F4xx_HAL_Driver/Src/stm32f4xx_hal_tim.o
                0x00000000080035a8                HAL_TIM_RegisterCallback
 .text.TIM_Base_SetConfig
                0x0000000008003840      0x140 Drivers/STM32F4xx_HAL_Driver/Src/stm32f4xx_hal_tim.o
                0x0000000008003840                TIM_Base_SetConfig
 .text.TIM_OC1_SetConfig
                0x0000000008003980       0xe0 Drivers/STM32F4xx_HAL_Driver/Src/stm32f4xx_hal_tim.o
 .text.TIM_OC2_SetConfig
                0x0000000008003a60       0xec Drivers/STM32F4xx_HAL_Driver/Src/stm32f4xx_hal_tim.o
                0x0000000008003a60                TIM_OC2_SetConfig
 .text.TIM_OC3_SetConfig
                0x0000000008003b4c       0xe8 Drivers/STM32F4xx_HAL_Driver/Src/stm32f4xx_hal_tim.o
 .text.TIM_OC4_SetConfig
                0x0000000008003c34       0xac Drivers/STM32F4xx_HAL_Driver/Src/stm32f4xx_hal_tim.o
 .text.TIM_TI1_SetConfig
                0x0000000008003ce0       0xe8 Drivers/STM32F4xx_HAL_Driver/Src/stm32f4xx_hal_tim.o
                0x0000000008003ce0                TIM_TI1_SetConfig
 .text.TIM_TI1_ConfigInputStage
                0x0000000008003dc8       0x5e Drivers/STM32F4xx_HAL_Driver/Src/stm32f4xx_hal_tim.o
 .text.TIM_TI2_SetConfig
                0x0000000008003e26       0x7a Drivers/STM32F4xx_HAL_Driver/Src/stm32f4xx_hal_tim.o
 .text.TIM_TI2_ConfigInputStage
                0x0000000008003ea0       0x60 Drivers/STM32F4xx_HAL_Driver/Src/stm32f4xx_hal_tim.o
 .text.TIM_TI3_SetConfig
                0x0000000008003f00       0x78 Drivers/STM32F4xx_HAL_Driver/Src/stm32f4xx_hal_tim.o
 .text.TIM_TI4_SetConfig
                0x0000000008003f78       0x7a Drivers/STM32F4xx_HAL_Driver/Src/stm32f4xx_hal_tim.o
 .text.TIM_ITRx_SetConfig
                0x0000000008003ff2       0x36 Drivers/STM32F4xx_HAL_Driver/Src/stm32f4xx_hal_tim.o
 .text.TIM_ETR_SetConfig
                0x0000000008004028       0x40 Drivers/STM32F4xx_HAL_Driver/Src/stm32f4xx_hal_tim.o
                0x0000000008004028                TIM_ETR_SetConfig
 .text.TIM_CCxChannelCmd
                0x0000000008004068       0x4a Drivers/STM32F4xx_HAL_Driver/Src/stm32f4xx_hal_tim.o
                0x0000000008004068                TIM_CCxChannelCmd
 *fill*         0x00000000080040b2        0x2 
 .text.TIM_ResetCallback
                0x00000000080040b4       0xac Drivers/STM32F4xx_HAL_Driver/Src/stm32f4xx_hal_tim.o
                0x00000000080040b4                TIM_ResetCallback
 .text.HAL_TIMEx_MasterConfigSynchronization
                0x0000000008004160       0xf8 Drivers/STM32F4xx_HAL_Driver/Src/stm32f4xx_hal_tim_ex.o
                0x0000000008004160                HAL_TIMEx_MasterConfigSynchronization
 .text.HAL_TIMEx_CommutCallback
                0x0000000008004258       0x14 Drivers/STM32F4xx_HAL_Driver/Src/stm32f4xx_hal_tim_ex.o
                0x0000000008004258                HAL_TIMEx_CommutCallback
 .text.HAL_TIMEx_CommutHalfCpltCallback
                0x000000000800426c       0x14 Drivers/STM32F4xx_HAL_Driver/Src/stm32f4xx_hal_tim_ex.o
                0x000000000800426c                HAL_TIMEx_CommutHalfCpltCallback
 .text.HAL_TIMEx_BreakCallback
                0x0000000008004280       0x14 Drivers/STM32F4xx_HAL_Driver/Src/stm32f4xx_hal_tim_ex.o
                0x0000000008004280                HAL_TIMEx_BreakCallback
 .text.HAL_UART_Init
                0x0000000008004294       0x9a Drivers/STM32F4xx_HAL_Driver/Src/stm32f4xx_hal_uart.o
                0x0000000008004294                HAL_UART_Init
 *fill*         0x000000000800432e        0x2 
 .text.UART_SetConfig
                0x0000000008004330      0x6f8 Drivers/STM32F4xx_HAL_Driver/Src/stm32f4xx_hal_uart.o
 .text.__libc_init_array
                0x0000000008004a28       0x48 c:/st/stm32cubeide_1.3.0/stm32cubeide/plugins/com.st.stm32cube.ide.mcu.externaltools.gnu-tools-for-stm32.7-2018-q2-update.win32_1.0.0.201904181610/tools/bin/../lib/gcc/arm-none-eabi/7.3.1/../../../../arm-none-eabi/lib/thumb/v7e-m/fpv4-sp/hard\libc_nano.a(lib_a-init.o)
                0x0000000008004a28                __libc_init_array
 .text.memset   0x0000000008004a70       0x10 c:/st/stm32cubeide_1.3.0/stm32cubeide/plugins/com.st.stm32cube.ide.mcu.externaltools.gnu-tools-for-stm32.7-2018-q2-update.win32_1.0.0.201904181610/tools/bin/../lib/gcc/arm-none-eabi/7.3.1/../../../../arm-none-eabi/lib/thumb/v7e-m/fpv4-sp/hard\libc_nano.a(lib_a-memset.o)
                0x0000000008004a70                memset
 *(.glue_7)
 .glue_7        0x0000000008004a80        0x0 linker stubs
 *(.glue_7t)
 .glue_7t       0x0000000008004a80        0x0 linker stubs
 *(.eh_frame)
 .eh_frame      0x0000000008004a80        0x0 c:/st/stm32cubeide_1.3.0/stm32cubeide/plugins/com.st.stm32cube.ide.mcu.externaltools.gnu-tools-for-stm32.7-2018-q2-update.win32_1.0.0.201904181610/tools/bin/../lib/gcc/arm-none-eabi/7.3.1/thumb/v7e-m/fpv4-sp/hard/crtbegin.o
 *(.init)
 .init          0x0000000008004a80        0x4 c:/st/stm32cubeide_1.3.0/stm32cubeide/plugins/com.st.stm32cube.ide.mcu.externaltools.gnu-tools-for-stm32.7-2018-q2-update.win32_1.0.0.201904181610/tools/bin/../lib/gcc/arm-none-eabi/7.3.1/thumb/v7e-m/fpv4-sp/hard/crti.o
                0x0000000008004a80                _init
 .init          0x0000000008004a84        0x8 c:/st/stm32cubeide_1.3.0/stm32cubeide/plugins/com.st.stm32cube.ide.mcu.externaltools.gnu-tools-for-stm32.7-2018-q2-update.win32_1.0.0.201904181610/tools/bin/../lib/gcc/arm-none-eabi/7.3.1/thumb/v7e-m/fpv4-sp/hard/crtn.o
 *(.fini)
 .fini          0x0000000008004a8c        0x4 c:/st/stm32cubeide_1.3.0/stm32cubeide/plugins/com.st.stm32cube.ide.mcu.externaltools.gnu-tools-for-stm32.7-2018-q2-update.win32_1.0.0.201904181610/tools/bin/../lib/gcc/arm-none-eabi/7.3.1/thumb/v7e-m/fpv4-sp/hard/crti.o
                0x0000000008004a8c                _fini
 .fini          0x0000000008004a90        0x8 c:/st/stm32cubeide_1.3.0/stm32cubeide/plugins/com.st.stm32cube.ide.mcu.externaltools.gnu-tools-for-stm32.7-2018-q2-update.win32_1.0.0.201904181610/tools/bin/../lib/gcc/arm-none-eabi/7.3.1/thumb/v7e-m/fpv4-sp/hard/crtn.o
                0x0000000008004a98                . = ALIGN (0x4)
                0x0000000008004a98                _etext = .

.vfp11_veneer   0x0000000008004a98        0x0
 .vfp11_veneer  0x0000000008004a98        0x0 linker stubs

.v4_bx          0x0000000008004a98        0x0
 .v4_bx         0x0000000008004a98        0x0 linker stubs

.iplt           0x0000000008004a98        0x0
 .iplt          0x0000000008004a98        0x0 c:/st/stm32cubeide_1.3.0/stm32cubeide/plugins/com.st.stm32cube.ide.mcu.externaltools.gnu-tools-for-stm32.7-2018-q2-update.win32_1.0.0.201904181610/tools/bin/../lib/gcc/arm-none-eabi/7.3.1/thumb/v7e-m/fpv4-sp/hard/crtbegin.o

.rodata         0x0000000008004a98       0x18
                0x0000000008004a98                . = ALIGN (0x4)
 *(.rodata)
 *(.rodata*)
 .rodata.AHBPrescTable
                0x0000000008004a98       0x10 Core/Src/system_stm32f4xx.o
                0x0000000008004a98                AHBPrescTable
 .rodata.APBPrescTable
                0x0000000008004aa8        0x8 Core/Src/system_stm32f4xx.o
                0x0000000008004aa8                APBPrescTable
                0x0000000008004ab0                . = ALIGN (0x4)

.ARM.extab      0x0000000008004ab0        0x0
                0x0000000008004ab0                . = ALIGN (0x4)
 *(.ARM.extab* .gnu.linkonce.armextab.*)
                0x0000000008004ab0                . = ALIGN (0x4)

.ARM            0x0000000008004ab0        0x8
                0x0000000008004ab0                . = ALIGN (0x4)
                0x0000000008004ab0                __exidx_start = .
 *(.ARM.exidx*)
 .ARM.exidx     0x0000000008004ab0        0x8 c:/st/stm32cubeide_1.3.0/stm32cubeide/plugins/com.st.stm32cube.ide.mcu.externaltools.gnu-tools-for-stm32.7-2018-q2-update.win32_1.0.0.201904181610/tools/bin/../lib/gcc/arm-none-eabi/7.3.1/thumb/v7e-m/fpv4-sp/hard\libgcc.a(_udivmoddi4.o)
                0x0000000008004ab8                __exidx_end = .
                0x0000000008004ab8                . = ALIGN (0x4)

.rel.dyn        0x0000000008004ab8        0x0
 .rel.iplt      0x0000000008004ab8        0x0 c:/st/stm32cubeide_1.3.0/stm32cubeide/plugins/com.st.stm32cube.ide.mcu.externaltools.gnu-tools-for-stm32.7-2018-q2-update.win32_1.0.0.201904181610/tools/bin/../lib/gcc/arm-none-eabi/7.3.1/thumb/v7e-m/fpv4-sp/hard/crtbegin.o

.preinit_array  0x0000000008004ab8        0x0
                0x0000000008004ab8                . = ALIGN (0x4)
                0x0000000008004ab8                PROVIDE (__preinit_array_start = .)
 *(.preinit_array*)
                0x0000000008004ab8                PROVIDE (__preinit_array_end = .)
                0x0000000008004ab8                . = ALIGN (0x4)

.init_array     0x0000000008004ab8        0x8
                0x0000000008004ab8                . = ALIGN (0x4)
                0x0000000008004ab8                PROVIDE (__init_array_start = .)
 *(SORT_BY_NAME(.init_array.*))
 *(.init_array*)
 .init_array    0x0000000008004ab8        0x4 c:/st/stm32cubeide_1.3.0/stm32cubeide/plugins/com.st.stm32cube.ide.mcu.externaltools.gnu-tools-for-stm32.7-2018-q2-update.win32_1.0.0.201904181610/tools/bin/../lib/gcc/arm-none-eabi/7.3.1/thumb/v7e-m/fpv4-sp/hard/crtbegin.o
 .init_array    0x0000000008004abc        0x4 Core/Inc/RcChannel/RcChannel.o
                0x0000000008004ac0                PROVIDE (__init_array_end = .)
                0x0000000008004ac0                . = ALIGN (0x4)

.fini_array     0x0000000008004ac0        0x8
                0x0000000008004ac0                . = ALIGN (0x4)
                [!provide]                        PROVIDE (__fini_array_start = .)
 *(SORT_BY_NAME(.fini_array.*))
 *(.fini_array*)
 .fini_array    0x0000000008004ac0        0x4 c:/st/stm32cubeide_1.3.0/stm32cubeide/plugins/com.st.stm32cube.ide.mcu.externaltools.gnu-tools-for-stm32.7-2018-q2-update.win32_1.0.0.201904181610/tools/bin/../lib/gcc/arm-none-eabi/7.3.1/thumb/v7e-m/fpv4-sp/hard/crtbegin.o
 .fini_array    0x0000000008004ac4        0x4 Core/Inc/RcChannel/RcChannel.o
                [!provide]                        PROVIDE (__fini_array_end = .)
                0x0000000008004ac8                . = ALIGN (0x4)
                0x0000000008004ac8                _sidata = LOADADDR (.data)

.data           0x0000000020000000        0xc load address 0x0000000008004ac8
                0x0000000020000000                . = ALIGN (0x4)
                0x0000000020000000                _sdata = .
 *(.data)
 *(.data*)
 .data.SystemCoreClock
                0x0000000020000000        0x4 Core/Src/system_stm32f4xx.o
                0x0000000020000000                SystemCoreClock
 .data.uwTickPrio
                0x0000000020000004        0x4 Drivers/STM32F4xx_HAL_Driver/Src/stm32f4xx_hal.o
                0x0000000020000004                uwTickPrio
 .data.uwTickFreq
                0x0000000020000008        0x1 Drivers/STM32F4xx_HAL_Driver/Src/stm32f4xx_hal.o
                0x0000000020000008                uwTickFreq
                0x000000002000000c                . = ALIGN (0x4)
 *fill*         0x0000000020000009        0x3 
                0x000000002000000c                _edata = .

.igot.plt       0x000000002000000c        0x0 load address 0x0000000008004ad4
 .igot.plt      0x000000002000000c        0x0 c:/st/stm32cubeide_1.3.0/stm32cubeide/plugins/com.st.stm32cube.ide.mcu.externaltools.gnu-tools-for-stm32.7-2018-q2-update.win32_1.0.0.201904181610/tools/bin/../lib/gcc/arm-none-eabi/7.3.1/thumb/v7e-m/fpv4-sp/hard/crtbegin.o
                0x000000002000000c                . = ALIGN (0x4)

.bss            0x000000002000000c      0x308 load address 0x0000000008004ad4
                0x000000002000000c                _sbss = .
                0x000000002000000c                __bss_start__ = _sbss
 *(.bss)
 .bss           0x000000002000000c       0x1c c:/st/stm32cubeide_1.3.0/stm32cubeide/plugins/com.st.stm32cube.ide.mcu.externaltools.gnu-tools-for-stm32.7-2018-q2-update.win32_1.0.0.201904181610/tools/bin/../lib/gcc/arm-none-eabi/7.3.1/thumb/v7e-m/fpv4-sp/hard/crtbegin.o
 *(.bss*)
 .bss.thr_rc    0x0000000020000028       0x20 Core/Inc/RcChannel/RcChannel.o
                0x0000000020000028                thr_rc
 .bss.elev_rc   0x0000000020000048       0x20 Core/Inc/RcChannel/RcChannel.o
                0x0000000020000048                elev_rc
 .bss.ail_rc    0x0000000020000068       0x20 Core/Inc/RcChannel/RcChannel.o
                0x0000000020000068                ail_rc
 .bss.rud_rc    0x0000000020000088       0x20 Core/Inc/RcChannel/RcChannel.o
                0x0000000020000088                rud_rc
 .bss.switch_rc
                0x00000000200000a8       0x20 Core/Inc/RcChannel/RcChannel.o
                0x00000000200000a8                switch_rc
 .bss.htim2     0x00000000200000c8       0xac Core/Src/main.o
                0x00000000200000c8                htim2
 .bss.htim3     0x0000000020000174       0xac Core/Src/main.o
                0x0000000020000174                htim3
 .bss.htim5     0x0000000020000220       0xac Core/Src/main.o
                0x0000000020000220                htim5
 .bss.huart2    0x00000000200002cc       0x40 Core/Src/main.o
                0x00000000200002cc                huart2
 .bss._ZZ5ArmedP6BeeperE4flag
                0x000000002000030c        0x1 Core/Src/main.o
 .bss._ZZ9ERSarmingP6BeeperE4flag
                0x000000002000030d        0x1 Core/Src/main.o
 *(COMMON)
 *fill*         0x000000002000030e        0x2 
 COMMON         0x0000000020000310        0x4 Drivers/STM32F4xx_HAL_Driver/Src/stm32f4xx_hal.o
                0x0000000020000310                uwTick
                0x0000000020000314                . = ALIGN (0x4)
                0x0000000020000314                _ebss = .
                0x0000000020000314                __bss_end__ = _ebss

._user_heap_stack
                0x0000000020000314      0x604 load address 0x0000000008004ad4
                0x0000000020000318                . = ALIGN (0x8)
 *fill*         0x0000000020000314        0x4 
                0x0000000020000318                PROVIDE (end = .)
                [!provide]                        PROVIDE (_end = .)
                0x0000000020000518                . = (. + _Min_Heap_Size)
 *fill*         0x0000000020000318      0x200 
                0x0000000020000918                . = (. + _Min_Stack_Size)
 *fill*         0x0000000020000518      0x400 
                0x0000000020000918                . = ALIGN (0x8)

/DISCARD/
 libc.a(*)
 libm.a(*)
 libgcc.a(*)

.ARM.attributes
                0x0000000000000000       0x30
 *(.ARM.attributes)
 .ARM.attributes
                0x0000000000000000       0x22 c:/st/stm32cubeide_1.3.0/stm32cubeide/plugins/com.st.stm32cube.ide.mcu.externaltools.gnu-tools-for-stm32.7-2018-q2-update.win32_1.0.0.201904181610/tools/bin/../lib/gcc/arm-none-eabi/7.3.1/thumb/v7e-m/fpv4-sp/hard/crti.o
 .ARM.attributes
                0x0000000000000022       0x34 c:/st/stm32cubeide_1.3.0/stm32cubeide/plugins/com.st.stm32cube.ide.mcu.externaltools.gnu-tools-for-stm32.7-2018-q2-update.win32_1.0.0.201904181610/tools/bin/../lib/gcc/arm-none-eabi/7.3.1/thumb/v7e-m/fpv4-sp/hard/crtbegin.o
 .ARM.attributes
                0x0000000000000056       0x39 Core/Inc/Beeper/Beeper.o
 .ARM.attributes
                0x000000000000008f       0x39 Core/Inc/RcChannel/RcChannel.o
 .ARM.attributes
                0x00000000000000c8       0x39 Core/Inc/Servo/Servo.o
 .ARM.attributes
                0x0000000000000101       0x39 Core/Src/main.o
 .ARM.attributes
                0x000000000000013a       0x39 Core/Src/stm32f4xx_hal_msp.o
 .ARM.attributes
                0x0000000000000173       0x39 Core/Src/stm32f4xx_it.o
 .ARM.attributes
                0x00000000000001ac       0x39 Core/Src/system_stm32f4xx.o
 .ARM.attributes
                0x00000000000001e5       0x21 Core/Startup/startup_stm32f407vgtx.o
 .ARM.attributes
                0x0000000000000206       0x39 Drivers/STM32F4xx_HAL_Driver/Src/stm32f4xx_hal.o
 .ARM.attributes
                0x000000000000023f       0x39 Drivers/STM32F4xx_HAL_Driver/Src/stm32f4xx_hal_cortex.o
 .ARM.attributes
                0x0000000000000278       0x39 Drivers/STM32F4xx_HAL_Driver/Src/stm32f4xx_hal_gpio.o
 .ARM.attributes
                0x00000000000002b1       0x39 Drivers/STM32F4xx_HAL_Driver/Src/stm32f4xx_hal_rcc.o
 .ARM.attributes
                0x00000000000002ea       0x39 Drivers/STM32F4xx_HAL_Driver/Src/stm32f4xx_hal_tim.o
 .ARM.attributes
                0x0000000000000323       0x39 Drivers/STM32F4xx_HAL_Driver/Src/stm32f4xx_hal_tim_ex.o
 .ARM.attributes
                0x000000000000035c       0x39 Drivers/STM32F4xx_HAL_Driver/Src/stm32f4xx_hal_uart.o
 .ARM.attributes
                0x0000000000000395       0x34 c:/st/stm32cubeide_1.3.0/stm32cubeide/plugins/com.st.stm32cube.ide.mcu.externaltools.gnu-tools-for-stm32.7-2018-q2-update.win32_1.0.0.201904181610/tools/bin/../lib/gcc/arm-none-eabi/7.3.1/../../../../arm-none-eabi/lib/thumb/v7e-m/fpv4-sp/hard\libc_nano.a(lib_a-init.o)
 .ARM.attributes
                0x00000000000003c9       0x34 c:/st/stm32cubeide_1.3.0/stm32cubeide/plugins/com.st.stm32cube.ide.mcu.externaltools.gnu-tools-for-stm32.7-2018-q2-update.win32_1.0.0.201904181610/tools/bin/../lib/gcc/arm-none-eabi/7.3.1/../../../../arm-none-eabi/lib/thumb/v7e-m/fpv4-sp/hard\libc_nano.a(lib_a-memset.o)
 .ARM.attributes
                0x00000000000003fd       0x22 c:/st/stm32cubeide_1.3.0/stm32cubeide/plugins/com.st.stm32cube.ide.mcu.externaltools.gnu-tools-for-stm32.7-2018-q2-update.win32_1.0.0.201904181610/tools/bin/../lib/gcc/arm-none-eabi/7.3.1/thumb/v7e-m/fpv4-sp/hard\libgcc.a(_aeabi_uldivmod.o)
 .ARM.attributes
                0x000000000000041f       0x34 c:/st/stm32cubeide_1.3.0/stm32cubeide/plugins/com.st.stm32cube.ide.mcu.externaltools.gnu-tools-for-stm32.7-2018-q2-update.win32_1.0.0.201904181610/tools/bin/../lib/gcc/arm-none-eabi/7.3.1/thumb/v7e-m/fpv4-sp/hard\libgcc.a(_udivmoddi4.o)
 .ARM.attributes
                0x0000000000000453       0x22 c:/st/stm32cubeide_1.3.0/stm32cubeide/plugins/com.st.stm32cube.ide.mcu.externaltools.gnu-tools-for-stm32.7-2018-q2-update.win32_1.0.0.201904181610/tools/bin/../lib/gcc/arm-none-eabi/7.3.1/thumb/v7e-m/fpv4-sp/hard\libgcc.a(_dvmd_tls.o)
 .ARM.attributes
                0x0000000000000475       0x22 c:/st/stm32cubeide_1.3.0/stm32cubeide/plugins/com.st.stm32cube.ide.mcu.externaltools.gnu-tools-for-stm32.7-2018-q2-update.win32_1.0.0.201904181610/tools/bin/../lib/gcc/arm-none-eabi/7.3.1/thumb/v7e-m/fpv4-sp/hard/crtn.o
OUTPUT(Plane.elf elf32-littlearm)

.debug_info     0x0000000000000000     0xcbfb
 .debug_info    0x0000000000000000      0x479 Core/Inc/Beeper/Beeper.o
 .debug_info    0x0000000000000479      0xd7a Core/Inc/RcChannel/RcChannel.o
 .debug_info    0x00000000000011f3      0x604 Core/Inc/Servo/Servo.o
 .debug_info    0x00000000000017f7     0x202d Core/Src/main.o
 .debug_info    0x0000000000003824     0x10da Core/Src/stm32f4xx_hal_msp.o
 .debug_info    0x00000000000048fe      0x881 Core/Src/stm32f4xx_it.o
 .debug_info    0x000000000000517f      0x554 Core/Src/system_stm32f4xx.o
 .debug_info    0x00000000000056d3       0x22 Core/Startup/startup_stm32f407vgtx.o
 .debug_info    0x00000000000056f5      0x945 Drivers/STM32F4xx_HAL_Driver/Src/stm32f4xx_hal.o
 .debug_info    0x000000000000603a      0xe28 Drivers/STM32F4xx_HAL_Driver/Src/stm32f4xx_hal_cortex.o
 .debug_info    0x0000000000006e62      0x7b5 Drivers/STM32F4xx_HAL_Driver/Src/stm32f4xx_hal_gpio.o
 .debug_info    0x0000000000007617      0x904 Drivers/STM32F4xx_HAL_Driver/Src/stm32f4xx_hal_rcc.o
 .debug_info    0x0000000000007f1b     0x27c3 Drivers/STM32F4xx_HAL_Driver/Src/stm32f4xx_hal_tim.o
 .debug_info    0x000000000000a6de     0x12d1 Drivers/STM32F4xx_HAL_Driver/Src/stm32f4xx_hal_tim_ex.o
 .debug_info    0x000000000000b9af     0x124c Drivers/STM32F4xx_HAL_Driver/Src/stm32f4xx_hal_uart.o

.debug_abbrev   0x0000000000000000     0x1e1a
 .debug_abbrev  0x0000000000000000      0x1ff Core/Inc/Beeper/Beeper.o
 .debug_abbrev  0x00000000000001ff      0x2af Core/Inc/RcChannel/RcChannel.o
 .debug_abbrev  0x00000000000004ae      0x23f Core/Inc/Servo/Servo.o
 .debug_abbrev  0x00000000000006ed      0x31d Core/Src/main.o
 .debug_abbrev  0x0000000000000a0a      0x1ed Core/Src/stm32f4xx_hal_msp.o
 .debug_abbrev  0x0000000000000bf7      0x169 Core/Src/stm32f4xx_it.o
 .debug_abbrev  0x0000000000000d60      0x12b Core/Src/system_stm32f4xx.o
 .debug_abbrev  0x0000000000000e8b       0x12 Core/Startup/startup_stm32f407vgtx.o
 .debug_abbrev  0x0000000000000e9d      0x1c7 Drivers/STM32F4xx_HAL_Driver/Src/stm32f4xx_hal.o
 .debug_abbrev  0x0000000000001064      0x2fa Drivers/STM32F4xx_HAL_Driver/Src/stm32f4xx_hal_cortex.o
 .debug_abbrev  0x000000000000135e      0x1c9 Drivers/STM32F4xx_HAL_Driver/Src/stm32f4xx_hal_gpio.o
 .debug_abbrev  0x0000000000001527      0x245 Drivers/STM32F4xx_HAL_Driver/Src/stm32f4xx_hal_rcc.o
 .debug_abbrev  0x000000000000176c      0x23f Drivers/STM32F4xx_HAL_Driver/Src/stm32f4xx_hal_tim.o
 .debug_abbrev  0x00000000000019ab      0x22d Drivers/STM32F4xx_HAL_Driver/Src/stm32f4xx_hal_tim_ex.o
 .debug_abbrev  0x0000000000001bd8      0x242 Drivers/STM32F4xx_HAL_Driver/Src/stm32f4xx_hal_uart.o

.debug_aranges  0x0000000000000000      0xc48
 .debug_aranges
                0x0000000000000000       0x40 Core/Inc/Beeper/Beeper.o
 .debug_aranges
                0x0000000000000040       0x90 Core/Inc/RcChannel/RcChannel.o
 .debug_aranges
                0x00000000000000d0       0x40 Core/Inc/Servo/Servo.o
 .debug_aranges
                0x0000000000000110       0x68 Core/Src/main.o
 .debug_aranges
                0x0000000000000178       0x48 Core/Src/stm32f4xx_hal_msp.o
 .debug_aranges
                0x00000000000001c0       0x70 Core/Src/stm32f4xx_it.o
 .debug_aranges
                0x0000000000000230       0x28 Core/Src/system_stm32f4xx.o
 .debug_aranges
                0x0000000000000258       0x28 Core/Startup/startup_stm32f407vgtx.o
 .debug_aranges
                0x0000000000000280       0xf0 Drivers/STM32F4xx_HAL_Driver/Src/stm32f4xx_hal.o
 .debug_aranges
                0x0000000000000370      0x118 Drivers/STM32F4xx_HAL_Driver/Src/stm32f4xx_hal_cortex.o
 .debug_aranges
                0x0000000000000488       0x58 Drivers/STM32F4xx_HAL_Driver/Src/stm32f4xx_hal_gpio.o
 .debug_aranges
                0x00000000000004e0       0x88 Drivers/STM32F4xx_HAL_Driver/Src/stm32f4xx_hal_rcc.o
 .debug_aranges
                0x0000000000000568      0x3c0 Drivers/STM32F4xx_HAL_Driver/Src/stm32f4xx_hal_tim.o
 .debug_aranges
                0x0000000000000928      0x150 Drivers/STM32F4xx_HAL_Driver/Src/stm32f4xx_hal_tim_ex.o
 .debug_aranges
                0x0000000000000a78      0x1d0 Drivers/STM32F4xx_HAL_Driver/Src/stm32f4xx_hal_uart.o

.debug_ranges   0x0000000000000000      0xb60
 .debug_ranges  0x0000000000000000       0x30 Core/Inc/Beeper/Beeper.o
 .debug_ranges  0x0000000000000030       0x80 Core/Inc/RcChannel/RcChannel.o
 .debug_ranges  0x00000000000000b0       0x30 Core/Inc/Servo/Servo.o
 .debug_ranges  0x00000000000000e0       0x58 Core/Src/main.o
 .debug_ranges  0x0000000000000138       0x38 Core/Src/stm32f4xx_hal_msp.o
 .debug_ranges  0x0000000000000170       0x60 Core/Src/stm32f4xx_it.o
 .debug_ranges  0x00000000000001d0       0x18 Core/Src/system_stm32f4xx.o
 .debug_ranges  0x00000000000001e8       0x20 Core/Startup/startup_stm32f407vgtx.o
 .debug_ranges  0x0000000000000208       0xe0 Drivers/STM32F4xx_HAL_Driver/Src/stm32f4xx_hal.o
 .debug_ranges  0x00000000000002e8      0x108 Drivers/STM32F4xx_HAL_Driver/Src/stm32f4xx_hal_cortex.o
 .debug_ranges  0x00000000000003f0       0x48 Drivers/STM32F4xx_HAL_Driver/Src/stm32f4xx_hal_gpio.o
 .debug_ranges  0x0000000000000438       0x78 Drivers/STM32F4xx_HAL_Driver/Src/stm32f4xx_hal_rcc.o
 .debug_ranges  0x00000000000004b0      0x3b0 Drivers/STM32F4xx_HAL_Driver/Src/stm32f4xx_hal_tim.o
 .debug_ranges  0x0000000000000860      0x140 Drivers/STM32F4xx_HAL_Driver/Src/stm32f4xx_hal_tim_ex.o
 .debug_ranges  0x00000000000009a0      0x1c0 Drivers/STM32F4xx_HAL_Driver/Src/stm32f4xx_hal_uart.o

.debug_macro    0x0000000000000000    0x22b74
 .debug_macro   0x0000000000000000      0x1dd Core/Inc/Beeper/Beeper.o
 .debug_macro   0x00000000000001dd      0xb2c Core/Inc/Beeper/Beeper.o
 .debug_macro   0x0000000000000d09      0x18a Core/Inc/Beeper/Beeper.o
 .debug_macro   0x0000000000000e93       0x2e Core/Inc/Beeper/Beeper.o
 .debug_macro   0x0000000000000ec1       0x2f Core/Inc/Beeper/Beeper.o
 .debug_macro   0x0000000000000ef0       0x1c Core/Inc/Beeper/Beeper.o
 .debug_macro   0x0000000000000f0c       0x22 Core/Inc/Beeper/Beeper.o
 .debug_macro   0x0000000000000f2e       0x8e Core/Inc/Beeper/Beeper.o
 .debug_macro   0x0000000000000fbc       0x51 Core/Inc/Beeper/Beeper.o
 .debug_macro   0x000000000000100d       0xef Core/Inc/Beeper/Beeper.o
 .debug_macro   0x00000000000010fc       0x6a Core/Inc/Beeper/Beeper.o
 .debug_macro   0x0000000000001166      0x1df Core/Inc/Beeper/Beeper.o
 .debug_macro   0x0000000000001345       0x1c Core/Inc/Beeper/Beeper.o
 .debug_macro   0x0000000000001361       0x22 Core/Inc/Beeper/Beeper.o
 .debug_macro   0x0000000000001383       0xdf Core/Inc/Beeper/Beeper.o
 .debug_macro   0x0000000000001462     0x102d Core/Inc/Beeper/Beeper.o
 .debug_macro   0x000000000000248f      0x11f Core/Inc/Beeper/Beeper.o
 .debug_macro   0x00000000000025ae    0x15e3c Core/Inc/Beeper/Beeper.o
 .debug_macro   0x00000000000183ea       0x43 Core/Inc/Beeper/Beeper.o
 .debug_macro   0x000000000001842d     0x3659 Core/Inc/Beeper/Beeper.o
 .debug_macro   0x000000000001ba86      0x17b Core/Inc/Beeper/Beeper.o
 .debug_macro   0x000000000001bc01       0x5a Core/Inc/Beeper/Beeper.o
 .debug_macro   0x000000000001bc5b      0x96b Core/Inc/Beeper/Beeper.o
 .debug_macro   0x000000000001c5c6      0x9fe Core/Inc/Beeper/Beeper.o
 .debug_macro   0x000000000001cfc4      0x174 Core/Inc/Beeper/Beeper.o
 .debug_macro   0x000000000001d138      0x117 Core/Inc/Beeper/Beeper.o
 .debug_macro   0x000000000001d24f      0x13e Core/Inc/Beeper/Beeper.o
 .debug_macro   0x000000000001d38d       0x27 Core/Inc/Beeper/Beeper.o
 .debug_macro   0x000000000001d3b4      0x287 Core/Inc/Beeper/Beeper.o
 .debug_macro   0x000000000001d63b       0x5f Core/Inc/Beeper/Beeper.o
 .debug_macro   0x000000000001d69a      0x236 Core/Inc/Beeper/Beeper.o
 .debug_macro   0x000000000001d8d0      0x12c Core/Inc/Beeper/Beeper.o
 .debug_macro   0x000000000001d9fc      0x21e Core/Inc/Beeper/Beeper.o
 .debug_macro   0x000000000001dc1a       0x2e Core/Inc/Beeper/Beeper.o
 .debug_macro   0x000000000001dc48      0x11a Core/Inc/Beeper/Beeper.o
 .debug_macro   0x000000000001dd62       0x7e Core/Inc/Beeper/Beeper.o
 .debug_macro   0x000000000001dde0       0x89 Core/Inc/Beeper/Beeper.o
 .debug_macro   0x000000000001de69      0x8a6 Core/Inc/Beeper/Beeper.o
 .debug_macro   0x000000000001e70f       0x47 Core/Inc/Beeper/Beeper.o
 .debug_macro   0x000000000001e756      0x287 Core/Inc/Beeper/Beeper.o
 .debug_macro   0x000000000001e9dd      0x12d Core/Inc/Beeper/Beeper.o
 .debug_macro   0x000000000001eb0a      0x1dd Core/Inc/RcChannel/RcChannel.o
 .debug_macro   0x000000000001ece7      0x1dd Core/Inc/Servo/Servo.o
 .debug_macro   0x000000000001eec4      0x351 Core/Src/main.o
 .debug_macro   0x000000000001f215       0x46 Core/Src/main.o
 .debug_macro   0x000000000001f25b       0x18 Core/Src/main.o
 .debug_macro   0x000000000001f273       0x3c Core/Src/main.o
 .debug_macro   0x000000000001f2af       0x34 Core/Src/main.o
 .debug_macro   0x000000000001f2e3       0x16 Core/Src/main.o
 .debug_macro   0x000000000001f2f9       0x35 Core/Src/main.o
 .debug_macro   0x000000000001f32e      0x34d Core/Src/main.o
 .debug_macro   0x000000000001f67b       0x10 Core/Src/main.o
 .debug_macro   0x000000000001f68b       0x52 Core/Src/main.o
 .debug_macro   0x000000000001f6dd       0x1f Core/Src/main.o
 .debug_macro   0x000000000001f6fc       0x43 Core/Src/main.o
 .debug_macro   0x000000000001f73f       0x20 Core/Src/main.o
 .debug_macro   0x000000000001f75f      0x1a3 Core/Src/main.o
 .debug_macro   0x000000000001f902       0x10 Core/Src/main.o
 .debug_macro   0x000000000001f912       0x1c Core/Src/main.o
 .debug_macro   0x000000000001f92e       0x52 Core/Src/main.o
 .debug_macro   0x000000000001f980       0x40 Core/Src/main.o
 .debug_macro   0x000000000001f9c0       0x10 Core/Src/main.o
 .debug_macro   0x000000000001f9d0       0x40 Core/Src/main.o
 .debug_macro   0x000000000001fa10       0xd7 Core/Src/main.o
 .debug_macro   0x000000000001fae7       0x1c Core/Src/main.o
 .debug_macro   0x000000000001fb03       0x3d Core/Src/main.o
 .debug_macro   0x000000000001fb40       0x16 Core/Src/main.o
 .debug_macro   0x000000000001fb56      0x137 Core/Src/main.o
 .debug_macro   0x000000000001fc8d      0x1d8 Core/Src/stm32f4xx_hal_msp.o
 .debug_macro   0x000000000001fe65      0xa5a Core/Src/stm32f4xx_hal_msp.o
 .debug_macro   0x00000000000208bf     0x102d Core/Src/stm32f4xx_hal_msp.o
 .debug_macro   0x00000000000218ec      0x174 Core/Src/stm32f4xx_hal_msp.o
 .debug_macro   0x0000000000021a60      0x1e2 Core/Src/stm32f4xx_it.o
 .debug_macro   0x0000000000021c42      0x1d4 Core/Src/system_stm32f4xx.o
 .debug_macro   0x0000000000021e16      0x22e Drivers/STM32F4xx_HAL_Driver/Src/stm32f4xx_hal.o
 .debug_macro   0x0000000000022044      0x1ce Drivers/STM32F4xx_HAL_Driver/Src/stm32f4xx_hal_cortex.o
 .debug_macro   0x0000000000022212      0x204 Drivers/STM32F4xx_HAL_Driver/Src/stm32f4xx_hal_gpio.o
 .debug_macro   0x0000000000022416      0x1f2 Drivers/STM32F4xx_HAL_Driver/Src/stm32f4xx_hal_rcc.o
 .debug_macro   0x0000000000022608      0x1cf Drivers/STM32F4xx_HAL_Driver/Src/stm32f4xx_hal_tim.o
 .debug_macro   0x00000000000227d7      0x1ce Drivers/STM32F4xx_HAL_Driver/Src/stm32f4xx_hal_tim_ex.o
 .debug_macro   0x00000000000229a5      0x1cf Drivers/STM32F4xx_HAL_Driver/Src/stm32f4xx_hal_uart.o

.debug_line     0x0000000000000000     0x940d
 .debug_line    0x0000000000000000      0x708 Core/Inc/Beeper/Beeper.o
 .debug_line    0x0000000000000708      0x8f2 Core/Inc/RcChannel/RcChannel.o
 .debug_line    0x0000000000000ffa      0x722 Core/Inc/Servo/Servo.o
 .debug_line    0x000000000000171c      0xaf9 Core/Src/main.o
 .debug_line    0x0000000000002215      0x785 Core/Src/stm32f4xx_hal_msp.o
 .debug_line    0x000000000000299a      0x789 Core/Src/stm32f4xx_it.o
 .debug_line    0x0000000000003123      0x6dc Core/Src/system_stm32f4xx.o
 .debug_line    0x00000000000037ff       0x85 Core/Startup/startup_stm32f407vgtx.o
 .debug_line    0x0000000000003884      0x8c6 Drivers/STM32F4xx_HAL_Driver/Src/stm32f4xx_hal.o
 .debug_line    0x000000000000414a      0x9ea Drivers/STM32F4xx_HAL_Driver/Src/stm32f4xx_hal_cortex.o
 .debug_line    0x0000000000004b34      0x8a5 Drivers/STM32F4xx_HAL_Driver/Src/stm32f4xx_hal_gpio.o
 .debug_line    0x00000000000053d9      0x91e Drivers/STM32F4xx_HAL_Driver/Src/stm32f4xx_hal_rcc.o
 .debug_line    0x0000000000005cf7     0x1a65 Drivers/STM32F4xx_HAL_Driver/Src/stm32f4xx_hal_tim.o
 .debug_line    0x000000000000775c      0xcdd Drivers/STM32F4xx_HAL_Driver/Src/stm32f4xx_hal_tim_ex.o
 .debug_line    0x0000000000008439      0xfd4 Drivers/STM32F4xx_HAL_Driver/Src/stm32f4xx_hal_uart.o

.debug_str      0x0000000000000000    0xca5a4
 .debug_str     0x0000000000000000    0xc235d Core/Inc/Beeper/Beeper.o
                                      0xc261d (size before relaxing)
 .debug_str     0x00000000000c235d      0x93a Core/Inc/RcChannel/RcChannel.o
                                      0xc3072 (size before relaxing)
 .debug_str     0x00000000000c2c97      0x172 Core/Inc/Servo/Servo.o
                                      0xc2656 (size before relaxing)
 .debug_str     0x00000000000c2e09     0x4a7e Core/Src/main.o
                                      0xc7d5d (size before relaxing)
 .debug_str     0x00000000000c7887      0x73d Core/Src/stm32f4xx_hal_msp.o
                                      0xc2f51 (size before relaxing)
 .debug_str     0x00000000000c7fc4       0xdd Core/Src/stm32f4xx_it.o
                                      0xc2778 (size before relaxing)
 .debug_str     0x00000000000c80a1       0xc4 Core/Src/system_stm32f4xx.o
                                      0xc21a4 (size before relaxing)
 .debug_str     0x00000000000c8165       0x36 Core/Startup/startup_stm32f407vgtx.o
                                         0x64 (size before relaxing)
 .debug_str     0x00000000000c819b      0x57b Drivers/STM32F4xx_HAL_Driver/Src/stm32f4xx_hal.o
                                      0xc2c71 (size before relaxing)
 .debug_str     0x00000000000c8716      0x390 Drivers/STM32F4xx_HAL_Driver/Src/stm32f4xx_hal_cortex.o
                                      0xc2a60 (size before relaxing)
 .debug_str     0x00000000000c8aa6      0x1fe Drivers/STM32F4xx_HAL_Driver/Src/stm32f4xx_hal_gpio.o
                                      0xc23e3 (size before relaxing)
 .debug_str     0x00000000000c8ca4      0x24e Drivers/STM32F4xx_HAL_Driver/Src/stm32f4xx_hal_rcc.o
                                      0xc2591 (size before relaxing)
 .debug_str     0x00000000000c8ef2      0xcfa Drivers/STM32F4xx_HAL_Driver/Src/stm32f4xx_hal_tim.o
                                      0xc38c6 (size before relaxing)
 .debug_str     0x00000000000c9bec      0x4a2 Drivers/STM32F4xx_HAL_Driver/Src/stm32f4xx_hal_tim_ex.o
                                      0xc2d32 (size before relaxing)
 .debug_str     0x00000000000ca08e      0x516 Drivers/STM32F4xx_HAL_Driver/Src/stm32f4xx_hal_uart.o
                                      0xc29f0 (size before relaxing)

.comment        0x0000000000000000       0x7b
 .comment       0x0000000000000000       0x7b Core/Inc/Beeper/Beeper.o
                                         0x7c (size before relaxing)
 .comment       0x000000000000007b       0x7c Core/Inc/RcChannel/RcChannel.o
 .comment       0x000000000000007b       0x7c Core/Inc/Servo/Servo.o
 .comment       0x000000000000007b       0x7c Core/Src/main.o
 .comment       0x000000000000007b       0x7c Core/Src/stm32f4xx_hal_msp.o
 .comment       0x000000000000007b       0x7c Core/Src/stm32f4xx_it.o
 .comment       0x000000000000007b       0x7c Core/Src/system_stm32f4xx.o
 .comment       0x000000000000007b       0x7c Drivers/STM32F4xx_HAL_Driver/Src/stm32f4xx_hal.o
 .comment       0x000000000000007b       0x7c Drivers/STM32F4xx_HAL_Driver/Src/stm32f4xx_hal_cortex.o
 .comment       0x000000000000007b       0x7c Drivers/STM32F4xx_HAL_Driver/Src/stm32f4xx_hal_gpio.o
 .comment       0x000000000000007b       0x7c Drivers/STM32F4xx_HAL_Driver/Src/stm32f4xx_hal_rcc.o
 .comment       0x000000000000007b       0x7c Drivers/STM32F4xx_HAL_Driver/Src/stm32f4xx_hal_tim.o
 .comment       0x000000000000007b       0x7c Drivers/STM32F4xx_HAL_Driver/Src/stm32f4xx_hal_tim_ex.o
 .comment       0x000000000000007b       0x7c Drivers/STM32F4xx_HAL_Driver/Src/stm32f4xx_hal_uart.o

.debug_frame    0x0000000000000000     0x3334
 .debug_frame   0x0000000000000000       0xcc Core/Inc/Beeper/Beeper.o
 .debug_frame   0x00000000000000cc      0x240 Core/Inc/RcChannel/RcChannel.o
 .debug_frame   0x000000000000030c       0xd8 Core/Inc/Servo/Servo.o
 .debug_frame   0x00000000000003e4      0x168 Core/Src/main.o
 .debug_frame   0x000000000000054c       0xec Core/Src/stm32f4xx_hal_msp.o
 .debug_frame   0x0000000000000638      0x144 Core/Src/stm32f4xx_it.o
 .debug_frame   0x000000000000077c       0x58 Core/Src/system_stm32f4xx.o
 .debug_frame   0x00000000000007d4      0x374 Drivers/STM32F4xx_HAL_Driver/Src/stm32f4xx_hal.o
 .debug_frame   0x0000000000000b48      0x498 Drivers/STM32F4xx_HAL_Driver/Src/stm32f4xx_hal_cortex.o
 .debug_frame   0x0000000000000fe0      0x14c Drivers/STM32F4xx_HAL_Driver/Src/stm32f4xx_hal_gpio.o
 .debug_frame   0x000000000000112c      0x1f0 Drivers/STM32F4xx_HAL_Driver/Src/stm32f4xx_hal_rcc.o
 .debug_frame   0x000000000000131c     0x1168 Drivers/STM32F4xx_HAL_Driver/Src/stm32f4xx_hal_tim.o
 .debug_frame   0x0000000000002484      0x5c0 Drivers/STM32F4xx_HAL_Driver/Src/stm32f4xx_hal_tim_ex.o
 .debug_frame   0x0000000000002a44      0x844 Drivers/STM32F4xx_HAL_Driver/Src/stm32f4xx_hal_uart.o
 .debug_frame   0x0000000000003288       0x2c c:/st/stm32cubeide_1.3.0/stm32cubeide/plugins/com.st.stm32cube.ide.mcu.externaltools.gnu-tools-for-stm32.7-2018-q2-update.win32_1.0.0.201904181610/tools/bin/../lib/gcc/arm-none-eabi/7.3.1/../../../../arm-none-eabi/lib/thumb/v7e-m/fpv4-sp/hard\libc_nano.a(lib_a-init.o)
 .debug_frame   0x00000000000032b4       0x20 c:/st/stm32cubeide_1.3.0/stm32cubeide/plugins/com.st.stm32cube.ide.mcu.externaltools.gnu-tools-for-stm32.7-2018-q2-update.win32_1.0.0.201904181610/tools/bin/../lib/gcc/arm-none-eabi/7.3.1/../../../../arm-none-eabi/lib/thumb/v7e-m/fpv4-sp/hard\libc_nano.a(lib_a-memset.o)
 .debug_frame   0x00000000000032d4       0x2c c:/st/stm32cubeide_1.3.0/stm32cubeide/plugins/com.st.stm32cube.ide.mcu.externaltools.gnu-tools-for-stm32.7-2018-q2-update.win32_1.0.0.201904181610/tools/bin/../lib/gcc/arm-none-eabi/7.3.1/thumb/v7e-m/fpv4-sp/hard\libgcc.a(_aeabi_uldivmod.o)
 .debug_frame   0x0000000000003300       0x34 c:/st/stm32cubeide_1.3.0/stm32cubeide/plugins/com.st.stm32cube.ide.mcu.externaltools.gnu-tools-for-stm32.7-2018-q2-update.win32_1.0.0.201904181610/tools/bin/../lib/gcc/arm-none-eabi/7.3.1/thumb/v7e-m/fpv4-sp/hard\libgcc.a(_udivmoddi4.o)
