main.cpp:333:1:Beeper::Beeper(GPIO_TypeDef*, uint32_t)	24	static
main.cpp:338:1:Beeper::~Beeper()	16	static
main.cpp:341:6:void Beeper::shortBeep()	16	static
main.cpp:347:6:void Beeper::longBeep()	16	static
main.cpp:353:6:void Beeper::seriesBeep()	16	static
main.cpp:362:9:uint8_t Armed(Beeper*)	16	static
main.cpp:379:9:uint8_t ERSarming(Beeper*)	16	static
main.cpp:407:5:int main()	136	static
main.cpp:547:6:void SystemClock_Config()	88	static
main.cpp:591:13:void MX_TIM2_Init()	48	static
main.cpp:661:13:void MX_TIM3_Init()	64	static
main.cpp:732:13:void MX_TIM5_Init()	80	static
main.cpp:808:13:void MX_USART2_UART_Init()	8	static
main.cpp:841:13:void MX_GPIO_Init()	40	static
main.cpp:870:6:void Error_Handler()	4	static
