main.cpp:198:6:void IcHandlerTim5(TIM_HandleTypeDef*)	16	static
main.cpp:247:1:Servo::Servo(TIM_TypeDef*, uint8_t, uint16_t, uint16_t, uint16_t)	24	static
main.cpp:256:1:Servo::Servo(TIM_TypeDef*, uint8_t, uint16_t, uint16_t)	24	static
main.cpp:264:1:Servo::Servo(TIM_TypeDef*, uint8_t)	24	static
main.cpp:272:6:void Servo::setPositionMicroSeconds(uint32_t)	16	static
main.cpp:290:6:void Servo::Set_Position(uint8_t)	40	static
main.cpp:332:1:Beeper::Beeper(GPIO_TypeDef*, uint32_t)	24	static
main.cpp:337:1:Beeper::~Beeper()	16	static
main.cpp:340:6:void Beeper::shortBeep()	16	static
main.cpp:346:6:void Beeper::longBeep()	16	static
main.cpp:352:6:void Beeper::seriesBeep()	16	static
main.cpp:361:9:uint8_t Armed(Beeper*)	16	static
main.cpp:378:9:uint8_t ERSarming(Beeper*)	16	static
main.cpp:406:5:int main()	136	static
main.cpp:546:6:void SystemClock_Config()	88	static
main.cpp:590:13:void MX_TIM2_Init()	48	static
main.cpp:660:13:void MX_TIM3_Init()	64	static
main.cpp:731:13:void MX_TIM5_Init()	80	static
main.cpp:807:13:void MX_USART2_UART_Init()	8	static
main.cpp:840:13:void MX_GPIO_Init()	40	static
main.cpp:869:6:void Error_Handler()	4	static
