rcchannel.cpp:3:1:RcChannel::RcChannel(TIM_HandleTypeDef*, uint8_t, uint16_t, uint16_t)	24	static
rcchannel.cpp:18:1:RcChannel::~RcChannel()	16	static
rcchannel.cpp:22:10:uint32_t RcChannel::getPulseWidth()	16	static
rcchannel.cpp:26:10:uint32_t RcChannel::getChannelMaxWidth()	16	static
rcchannel.cpp:30:10:uint32_t RcChannel::getChannelMinWidth()	16	static
rcchannel.cpp:34:6:void RcChannel::pulseWidthCalc()	16	static
rcchannel.cpp:58:10:uint32_t RcChannel::getPusleWidthDif()	24	static
rcchannel.cpp:67:6:void run_this(TIM_HandleTypeDef*)	16	static
rcchannel.cpp:89:6:void run_this_tim4(TIM_HandleTypeDef*)	16	static
rcchannel.cpp:110:1:void __static_initialization_and_destruction_0(int, int)	24	static
rcchannel.cpp:110:1:cpp)	8	static
rcchannel.cpp:110:1:cpp)	8	static
